---
source: src/gnuv2_demangle/tests/snapshots.rs
expression: "demangle_lines(contents, &config)"
---
[
    Err(
        NotMangled,
    ),
    Err(
        NotMangled,
    ),
    Err(
        NotMangled,
    ),
    Err(
        NotMangled,
    ),
    Err(
        NotMangled,
    ),
    Err(
        NotMangled,
    ),
    Err(
        NotMangled,
    ),
    Err(
        NotMangled,
    ),
    Err(
        NotMangled,
    ),
    Err(
        NotMangled,
    ),
    Err(
        NotMangled,
    ),
    Err(
        NotMangled,
    ),
    Err(
        NotMangled,
    ),
    Err(
        NotMangled,
    ),
    Err(
        NotMangled,
    ),
    Err(
        NotMangled,
    ),
    Err(
        NotMangled,
    ),
    Err(
        NotMangled,
    ),
    Err(
        NotMangled,
    ),
    Err(
        NotMangled,
    ),
    Err(
        NotMangled,
    ),
    Err(
        NotMangled,
    ),
    Err(
        NotMangled,
    ),
    Err(
        NotMangled,
    ),
    Err(
        NotMangled,
    ),
    Err(
        NotMangled,
    ),
    Err(
        NotMangled,
    ),
    Err(
        NotMangled,
    ),
    Err(
        NotMangled,
    ),
    Err(
        NotMangled,
    ),
    Err(
        NotMangled,
    ),
    Err(
        NotMangled,
    ),
    Err(
        NotMangled,
    ),
    Err(
        NotMangled,
    ),
    Err(
        NotMangled,
    ),
    Err(
        NotMangled,
    ),
    Err(
        NotMangled,
    ),
    Err(
        NotMangled,
    ),
    Err(
        NotMangled,
    ),
    Err(
        NotMangled,
    ),
    Err(
        NotMangled,
    ),
    Err(
        NotMangled,
    ),
    Err(
        NotMangled,
    ),
    Err(
        NotMangled,
    ),
    Err(
        NotMangled,
    ),
    Err(
        NotMangled,
    ),
    Err(
        NotMangled,
    ),
    Err(
        NotMangled,
    ),
    Err(
        NotMangled,
    ),
    Err(
        NotMangled,
    ),
    Err(
        NotMangled,
    ),
    Err(
        NotMangled,
    ),
    Err(
        NotMangled,
    ),
    Err(
        NotMangled,
    ),
    Err(
        NotMangled,
    ),
    Err(
        NotMangled,
    ),
    Err(
        NotMangled,
    ),
    Err(
        NotMangled,
    ),
    Err(
        NotMangled,
    ),
    Err(
        NotMangled,
    ),
    Err(
        NotMangled,
    ),
    Err(
        NotMangled,
    ),
    Err(
        NotMangled,
    ),
    Err(
        NotMangled,
    ),
    Err(
        NotMangled,
    ),
    Err(
        NotMangled,
    ),
    Err(
        NotMangled,
    ),
    Err(
        NotMangled,
    ),
    Err(
        NotMangled,
    ),
    Err(
        NotMangled,
    ),
    Err(
        NotMangled,
    ),
    Err(
        NotMangled,
    ),
    Err(
        NotMangled,
    ),
    Err(
        NotMangled,
    ),
    Err(
        NotMangled,
    ),
    Err(
        NotMangled,
    ),
    Err(
        NotMangled,
    ),
    Err(
        NotMangled,
    ),
    Err(
        NotMangled,
    ),
    Err(
        NotMangled,
    ),
    Err(
        NotMangled,
    ),
    Err(
        NotMangled,
    ),
    Err(
        NotMangled,
    ),
    Err(
        NotMangled,
    ),
    Err(
        NotMangled,
    ),
    Err(
        NotMangled,
    ),
    Err(
        NotMangled,
    ),
    Err(
        NotMangled,
    ),
    Err(
        NotMangled,
    ),
    Err(
        NotMangled,
    ),
    Err(
        NotMangled,
    ),
    Err(
        NotMangled,
    ),
    Err(
        NotMangled,
    ),
    Err(
        NotMangled,
    ),
    Err(
        NotMangled,
    ),
    Err(
        NotMangled,
    ),
    Err(
        NotMangled,
    ),
    Err(
        NotMangled,
    ),
    Err(
        NotMangled,
    ),
    Err(
        NotMangled,
    ),
    Err(
        NotMangled,
    ),
    Err(
        NotMangled,
    ),
    Err(
        NotMangled,
    ),
    Err(
        NotMangled,
    ),
    Err(
        NotMangled,
    ),
    Err(
        NotMangled,
    ),
    Err(
        NotMangled,
    ),
    Err(
        NotMangled,
    ),
    Err(
        NotMangled,
    ),
    Err(
        NotMangled,
    ),
    Err(
        NotMangled,
    ),
    Err(
        NotMangled,
    ),
    Err(
        NotMangled,
    ),
    Err(
        NotMangled,
    ),
    Err(
        NotMangled,
    ),
    Err(
        NotMangled,
    ),
    Err(
        NotMangled,
    ),
    Err(
        NotMangled,
    ),
    Err(
        NotMangled,
    ),
    Err(
        NotMangled,
    ),
    Err(
        NotMangled,
    ),
    Err(
        NotMangled,
    ),
    Err(
        NotMangled,
    ),
    Err(
        NotMangled,
    ),
    Err(
        NotMangled,
    ),
    Err(
        NotMangled,
    ),
    Err(
        NotMangled,
    ),
    Err(
        NotMangled,
    ),
    Err(
        NotMangled,
    ),
    Err(
        NotMangled,
    ),
    Err(
        NotMangled,
    ),
    Err(
        NotMangled,
    ),
    Err(
        NotMangled,
    ),
    Err(
        NotMangled,
    ),
    Err(
        NotMangled,
    ),
    Err(
        NotMangled,
    ),
    Err(
        NotMangled,
    ),
    Err(
        NotMangled,
    ),
    Err(
        NotMangled,
    ),
    Err(
        NotMangled,
    ),
    Err(
        NotMangled,
    ),
    Err(
        NotMangled,
    ),
    Err(
        NotMangled,
    ),
    Err(
        NotMangled,
    ),
    Err(
        NotMangled,
    ),
    Err(
        NotMangled,
    ),
    Err(
        NotMangled,
    ),
    Err(
        NotMangled,
    ),
    Err(
        NotMangled,
    ),
    Err(
        NotMangled,
    ),
    Err(
        NotMangled,
    ),
    Err(
        NotMangled,
    ),
    Err(
        NotMangled,
    ),
    Err(
        NotMangled,
    ),
    Err(
        NotMangled,
    ),
    Err(
        NotMangled,
    ),
    Err(
        NotMangled,
    ),
    Err(
        NotMangled,
    ),
    Err(
        NotMangled,
    ),
    Err(
        NotMangled,
    ),
    Err(
        NotMangled,
    ),
    Err(
        NotMangled,
    ),
    Err(
        NotMangled,
    ),
    Err(
        NotMangled,
    ),
    Err(
        NotMangled,
    ),
    Err(
        NotMangled,
    ),
    Err(
        NotMangled,
    ),
    Err(
        NotMangled,
    ),
    Err(
        NotMangled,
    ),
    Err(
        NotMangled,
    ),
    Err(
        NotMangled,
    ),
    Err(
        NotMangled,
    ),
    Err(
        NotMangled,
    ),
    Err(
        NotMangled,
    ),
    Err(
        NotMangled,
    ),
    Err(
        NotMangled,
    ),
    Err(
        NotMangled,
    ),
    Err(
        NotMangled,
    ),
    Err(
        NotMangled,
    ),
    Err(
        NotMangled,
    ),
    Err(
        NotMangled,
    ),
    Err(
        NotMangled,
    ),
    Err(
        NotMangled,
    ),
    Err(
        NotMangled,
    ),
    Err(
        NotMangled,
    ),
    Err(
        NotMangled,
    ),
    Err(
        NotMangled,
    ),
    Err(
        NotMangled,
    ),
    Err(
        NotMangled,
    ),
    Err(
        NotMangled,
    ),
    Err(
        NotMangled,
    ),
    Err(
        NotMangled,
    ),
    Err(
        NotMangled,
    ),
    Err(
        NotMangled,
    ),
    Err(
        NotMangled,
    ),
    Err(
        NotMangled,
    ),
    Err(
        NotMangled,
    ),
    Err(
        NotMangled,
    ),
    Err(
        NotMangled,
    ),
    Err(
        NotMangled,
    ),
    Err(
        NotMangled,
    ),
    Err(
        NotMangled,
    ),
    Err(
        NotMangled,
    ),
    Err(
        NotMangled,
    ),
    Err(
        NotMangled,
    ),
    Err(
        NotMangled,
    ),
    Err(
        NotMangled,
    ),
    Err(
        NotMangled,
    ),
    Err(
        NotMangled,
    ),
    Err(
        NotMangled,
    ),
    Err(
        NotMangled,
    ),
    Err(
        NotMangled,
    ),
    Err(
        NotMangled,
    ),
    Err(
        NotMangled,
    ),
    Err(
        NotMangled,
    ),
    Err(
        NotMangled,
    ),
    Err(
        NotMangled,
    ),
    Err(
        NotMangled,
    ),
    Err(
        NotMangled,
    ),
    Err(
        NotMangled,
    ),
    Err(
        NotMangled,
    ),
    Err(
        NotMangled,
    ),
    Err(
        NotMangled,
    ),
    Err(
        NotMangled,
    ),
    Err(
        NotMangled,
    ),
    Err(
        NotMangled,
    ),
    Err(
        NotMangled,
    ),
    Err(
        NotMangled,
    ),
    Err(
        NotMangled,
    ),
    Err(
        NotMangled,
    ),
    Err(
        NotMangled,
    ),
    Err(
        NotMangled,
    ),
    Err(
        NotMangled,
    ),
    Err(
        NotMangled,
    ),
    Err(
        NotMangled,
    ),
    Err(
        NotMangled,
    ),
    Err(
        NotMangled,
    ),
    Err(
        NotMangled,
    ),
    Err(
        NotMangled,
    ),
    Err(
        NotMangled,
    ),
    Err(
        NotMangled,
    ),
    Err(
        NotMangled,
    ),
    Err(
        NotMangled,
    ),
    Err(
        NotMangled,
    ),
    Err(
        NotMangled,
    ),
    Err(
        NotMangled,
    ),
    Err(
        NotMangled,
    ),
    Err(
        NotMangled,
    ),
    Err(
        NotMangled,
    ),
    Err(
        NotMangled,
    ),
    Err(
        NotMangled,
    ),
    Err(
        NotMangled,
    ),
    Err(
        NotMangled,
    ),
    Err(
        NotMangled,
    ),
    Err(
        NotMangled,
    ),
    Err(
        NotMangled,
    ),
    Err(
        NotMangled,
    ),
    Err(
        NotMangled,
    ),
    Err(
        NotMangled,
    ),
    Err(
        NotMangled,
    ),
    Err(
        NotMangled,
    ),
    Err(
        NotMangled,
    ),
    Err(
        NotMangled,
    ),
    Err(
        NotMangled,
    ),
    Err(
        NotMangled,
    ),
    Err(
        NotMangled,
    ),
    Err(
        NotMangled,
    ),
    Err(
        NotMangled,
    ),
    Err(
        NotMangled,
    ),
    Err(
        NotMangled,
    ),
    Err(
        NotMangled,
    ),
    Err(
        NotMangled,
    ),
    Err(
        NotMangled,
    ),
    Err(
        NotMangled,
    ),
    Err(
        NotMangled,
    ),
    Err(
        NotMangled,
    ),
    Err(
        NotMangled,
    ),
    Err(
        NotMangled,
    ),
    Err(
        NotMangled,
    ),
    Err(
        NotMangled,
    ),
    Err(
        NotMangled,
    ),
    Err(
        NotMangled,
    ),
    Err(
        NotMangled,
    ),
    Err(
        NotMangled,
    ),
    Err(
        NotMangled,
    ),
    Err(
        NotMangled,
    ),
    Err(
        NotMangled,
    ),
    Err(
        NotMangled,
    ),
    Err(
        NotMangled,
    ),
    Err(
        NotMangled,
    ),
    Err(
        NotMangled,
    ),
    Err(
        NotMangled,
    ),
    Err(
        NotMangled,
    ),
    Err(
        NotMangled,
    ),
    Err(
        NotMangled,
    ),
    Err(
        NotMangled,
    ),
    Err(
        NotMangled,
    ),
    Err(
        NotMangled,
    ),
    Err(
        NotMangled,
    ),
    Err(
        NotMangled,
    ),
    Err(
        NotMangled,
    ),
    Err(
        NotMangled,
    ),
    Err(
        NotMangled,
    ),
    Err(
        NotMangled,
    ),
    Err(
        NotMangled,
    ),
    Err(
        NotMangled,
    ),
    Err(
        NotMangled,
    ),
    Err(
        NotMangled,
    ),
    Err(
        NotMangled,
    ),
    Err(
        NotMangled,
    ),
    Err(
        NotMangled,
    ),
    Err(
        NotMangled,
    ),
    Err(
        NotMangled,
    ),
    Err(
        NotMangled,
    ),
    Err(
        NotMangled,
    ),
    Err(
        NotMangled,
    ),
    Err(
        NotMangled,
    ),
    Err(
        NotMangled,
    ),
    Err(
        NotMangled,
    ),
    Err(
        NotMangled,
    ),
    Err(
        NotMangled,
    ),
    Err(
        NotMangled,
    ),
    Err(
        NotMangled,
    ),
    Err(
        NotMangled,
    ),
    Err(
        NotMangled,
    ),
    Err(
        NotMangled,
    ),
    Err(
        NotMangled,
    ),
    Err(
        NotMangled,
    ),
    Err(
        NotMangled,
    ),
    Err(
        NotMangled,
    ),
    Err(
        NotMangled,
    ),
    Err(
        NotMangled,
    ),
    Err(
        NotMangled,
    ),
    Err(
        NotMangled,
    ),
    Err(
        NotMangled,
    ),
    Err(
        NotMangled,
    ),
    Err(
        NotMangled,
    ),
    Err(
        NotMangled,
    ),
    Err(
        NotMangled,
    ),
    Err(
        NotMangled,
    ),
    Err(
        NotMangled,
    ),
    Err(
        NotMangled,
    ),
    Err(
        NotMangled,
    ),
    Err(
        NotMangled,
    ),
    Err(
        NotMangled,
    ),
    Err(
        NotMangled,
    ),
    Err(
        NotMangled,
    ),
    Err(
        NotMangled,
    ),
    Err(
        NotMangled,
    ),
    Err(
        NotMangled,
    ),
    Err(
        NotMangled,
    ),
    Err(
        NotMangled,
    ),
    Err(
        NotMangled,
    ),
    Err(
        NotMangled,
    ),
    Err(
        NotMangled,
    ),
    Err(
        NotMangled,
    ),
    Err(
        NotMangled,
    ),
    Err(
        NotMangled,
    ),
    Err(
        NotMangled,
    ),
    Err(
        NotMangled,
    ),
    Err(
        NotMangled,
    ),
    Err(
        NotMangled,
    ),
    Err(
        NotMangled,
    ),
    Err(
        NotMangled,
    ),
    Err(
        NotMangled,
    ),
    Err(
        NotMangled,
    ),
    Err(
        NotMangled,
    ),
    Err(
        NotMangled,
    ),
    Err(
        NotMangled,
    ),
    Err(
        NotMangled,
    ),
    Err(
        NotMangled,
    ),
    Err(
        NotMangled,
    ),
    Err(
        NotMangled,
    ),
    Err(
        NotMangled,
    ),
    Err(
        NotMangled,
    ),
    Err(
        NotMangled,
    ),
    Err(
        NotMangled,
    ),
    Err(
        NotMangled,
    ),
    Err(
        NotMangled,
    ),
    Err(
        NotMangled,
    ),
    Err(
        NotMangled,
    ),
    Err(
        NotMangled,
    ),
    Err(
        NotMangled,
    ),
    Err(
        NotMangled,
    ),
    Err(
        NotMangled,
    ),
    Err(
        NotMangled,
    ),
    Err(
        NotMangled,
    ),
    Err(
        NotMangled,
    ),
    Err(
        NotMangled,
    ),
    Err(
        NotMangled,
    ),
    Err(
        NotMangled,
    ),
    Err(
        NotMangled,
    ),
    Err(
        NotMangled,
    ),
    Err(
        NotMangled,
    ),
    Err(
        NotMangled,
    ),
    Err(
        NotMangled,
    ),
    Err(
        NotMangled,
    ),
    Err(
        NotMangled,
    ),
    Err(
        NotMangled,
    ),
    Err(
        NotMangled,
    ),
    Err(
        NotMangled,
    ),
    Err(
        NotMangled,
    ),
    Err(
        NotMangled,
    ),
    Err(
        NotMangled,
    ),
    Err(
        NotMangled,
    ),
    Err(
        NotMangled,
    ),
    Err(
        NotMangled,
    ),
    Err(
        NotMangled,
    ),
    Err(
        NotMangled,
    ),
    Err(
        NotMangled,
    ),
    Err(
        NotMangled,
    ),
    Err(
        NotMangled,
    ),
    Err(
        NotMangled,
    ),
    Err(
        NotMangled,
    ),
    Err(
        NotMangled,
    ),
    Err(
        NotMangled,
    ),
    Err(
        NotMangled,
    ),
    Err(
        NotMangled,
    ),
    Err(
        NotMangled,
    ),
    Err(
        NotMangled,
    ),
    Err(
        NotMangled,
    ),
    Err(
        NotMangled,
    ),
    Err(
        NotMangled,
    ),
    Err(
        NotMangled,
    ),
    Err(
        NotMangled,
    ),
    Err(
        NotMangled,
    ),
    Err(
        NotMangled,
    ),
    Err(
        NotMangled,
    ),
    Err(
        NotMangled,
    ),
    Err(
        NotMangled,
    ),
    Err(
        NotMangled,
    ),
    Err(
        NotMangled,
    ),
    Err(
        NotMangled,
    ),
    Err(
        NotMangled,
    ),
    Err(
        NotMangled,
    ),
    Err(
        NotMangled,
    ),
    Err(
        NotMangled,
    ),
    Err(
        NotMangled,
    ),
    Err(
        NotMangled,
    ),
    Err(
        NotMangled,
    ),
    Err(
        NotMangled,
    ),
    Err(
        NotMangled,
    ),
    Err(
        NotMangled,
    ),
    Err(
        NotMangled,
    ),
    Err(
        NotMangled,
    ),
    Err(
        NotMangled,
    ),
    Err(
        NotMangled,
    ),
    Err(
        NotMangled,
    ),
    Err(
        NotMangled,
    ),
    Err(
        NotMangled,
    ),
    Err(
        NotMangled,
    ),
    Err(
        NotMangled,
    ),
    Err(
        NotMangled,
    ),
    Err(
        NotMangled,
    ),
    Err(
        NotMangled,
    ),
    Err(
        NotMangled,
    ),
    Err(
        NotMangled,
    ),
    Err(
        NotMangled,
    ),
    Err(
        NotMangled,
    ),
    Err(
        NotMangled,
    ),
    Err(
        NotMangled,
    ),
    Err(
        NotMangled,
    ),
    Err(
        NotMangled,
    ),
    Err(
        NotMangled,
    ),
    Err(
        NotMangled,
    ),
    Err(
        NotMangled,
    ),
    Err(
        NotMangled,
    ),
    Err(
        NotMangled,
    ),
    Err(
        NotMangled,
    ),
    Err(
        NotMangled,
    ),
    Err(
        NotMangled,
    ),
    Err(
        NotMangled,
    ),
    Err(
        NotMangled,
    ),
    Err(
        NotMangled,
    ),
    Err(
        NotMangled,
    ),
    Err(
        NotMangled,
    ),
    Err(
        NotMangled,
    ),
    Err(
        NotMangled,
    ),
    Err(
        NotMangled,
    ),
    Err(
        NotMangled,
    ),
    Err(
        NotMangled,
    ),
    Err(
        NotMangled,
    ),
    Err(
        NotMangled,
    ),
    Err(
        NotMangled,
    ),
    Err(
        NotMangled,
    ),
    Err(
        NotMangled,
    ),
    Err(
        NotMangled,
    ),
    Err(
        NotMangled,
    ),
    Err(
        NotMangled,
    ),
    Err(
        NotMangled,
    ),
    Err(
        NotMangled,
    ),
    Err(
        NotMangled,
    ),
    Err(
        NotMangled,
    ),
    Err(
        NotMangled,
    ),
    Err(
        NotMangled,
    ),
    Err(
        NotMangled,
    ),
    Err(
        NotMangled,
    ),
    Err(
        NotMangled,
    ),
    Err(
        NotMangled,
    ),
    Err(
        NotMangled,
    ),
    Err(
        NotMangled,
    ),
    Err(
        NotMangled,
    ),
    Err(
        NotMangled,
    ),
    Err(
        NotMangled,
    ),
    Err(
        NotMangled,
    ),
    Err(
        NotMangled,
    ),
    Err(
        NotMangled,
    ),
    Err(
        NotMangled,
    ),
    Err(
        NotMangled,
    ),
    Err(
        NotMangled,
    ),
    Err(
        NotMangled,
    ),
    Err(
        NotMangled,
    ),
    Err(
        NotMangled,
    ),
    Err(
        NotMangled,
    ),
    Err(
        NotMangled,
    ),
    Err(
        NotMangled,
    ),
    Err(
        NotMangled,
    ),
    Err(
        NotMangled,
    ),
    Err(
        NotMangled,
    ),
    Err(
        NotMangled,
    ),
    Err(
        NotMangled,
    ),
    Err(
        NotMangled,
    ),
    Err(
        NotMangled,
    ),
    Err(
        NotMangled,
    ),
    Err(
        NotMangled,
    ),
    Err(
        NotMangled,
    ),
    Err(
        NotMangled,
    ),
    Err(
        NotMangled,
    ),
    Err(
        NotMangled,
    ),
    Err(
        NotMangled,
    ),
    Err(
        NotMangled,
    ),
    Err(
        NotMangled,
    ),
    Err(
        NotMangled,
    ),
    Err(
        NotMangled,
    ),
    Err(
        NotMangled,
    ),
    Err(
        NotMangled,
    ),
    Err(
        NotMangled,
    ),
    Err(
        NotMangled,
    ),
    Err(
        NotMangled,
    ),
    Err(
        NotMangled,
    ),
    Err(
        NotMangled,
    ),
    Err(
        NotMangled,
    ),
    Err(
        NotMangled,
    ),
    Err(
        NotMangled,
    ),
    Err(
        NotMangled,
    ),
    Err(
        NotMangled,
    ),
    Err(
        NotMangled,
    ),
    Err(
        NotMangled,
    ),
    Err(
        NotMangled,
    ),
    Err(
        NotMangled,
    ),
    Err(
        NotMangled,
    ),
    Err(
        NotMangled,
    ),
    Err(
        NotMangled,
    ),
    Err(
        NotMangled,
    ),
    Err(
        NotMangled,
    ),
    Err(
        NotMangled,
    ),
    Err(
        NotMangled,
    ),
    Err(
        NotMangled,
    ),
    Err(
        NotMangled,
    ),
    Err(
        NotMangled,
    ),
    Err(
        NotMangled,
    ),
    Err(
        NotMangled,
    ),
    Err(
        NotMangled,
    ),
    Err(
        NotMangled,
    ),
    Err(
        NotMangled,
    ),
    Err(
        NotMangled,
    ),
    Err(
        NotMangled,
    ),
    Err(
        NotMangled,
    ),
    Err(
        NotMangled,
    ),
    Err(
        NotMangled,
    ),
    Err(
        NotMangled,
    ),
    Err(
        NotMangled,
    ),
    Err(
        NotMangled,
    ),
    Err(
        NotMangled,
    ),
    Err(
        NotMangled,
    ),
    Err(
        NotMangled,
    ),
    Err(
        NotMangled,
    ),
    Err(
        NotMangled,
    ),
    Err(
        NotMangled,
    ),
    Err(
        NotMangled,
    ),
    Err(
        NotMangled,
    ),
    Err(
        NotMangled,
    ),
    Err(
        NotMangled,
    ),
    Err(
        NotMangled,
    ),
    Err(
        NotMangled,
    ),
    Err(
        NotMangled,
    ),
    Err(
        NotMangled,
    ),
    Err(
        NotMangled,
    ),
    Err(
        NotMangled,
    ),
    Err(
        NotMangled,
    ),
    Err(
        NotMangled,
    ),
    Err(
        NotMangled,
    ),
    Err(
        NotMangled,
    ),
    Err(
        NotMangled,
    ),
    Err(
        NotMangled,
    ),
    Err(
        NotMangled,
    ),
    Err(
        NotMangled,
    ),
    Err(
        NotMangled,
    ),
    Err(
        NotMangled,
    ),
    Err(
        NotMangled,
    ),
    Err(
        NotMangled,
    ),
    Err(
        NotMangled,
    ),
    Err(
        NotMangled,
    ),
    Err(
        NotMangled,
    ),
    Err(
        NotMangled,
    ),
    Err(
        NotMangled,
    ),
    Err(
        NotMangled,
    ),
    Err(
        NotMangled,
    ),
    Err(
        NotMangled,
    ),
    Err(
        NotMangled,
    ),
    Err(
        NotMangled,
    ),
    Err(
        NotMangled,
    ),
    Err(
        NotMangled,
    ),
    Err(
        NotMangled,
    ),
    Err(
        NotMangled,
    ),
    Err(
        NotMangled,
    ),
    Err(
        NotMangled,
    ),
    Err(
        NotMangled,
    ),
    Err(
        NotMangled,
    ),
    Err(
        NotMangled,
    ),
    Err(
        NotMangled,
    ),
    Err(
        NotMangled,
    ),
    Err(
        NotMangled,
    ),
    Err(
        NotMangled,
    ),
    Err(
        NotMangled,
    ),
    Err(
        NotMangled,
    ),
    Err(
        NotMangled,
    ),
    Err(
        NotMangled,
    ),
    Err(
        NotMangled,
    ),
    Err(
        NotMangled,
    ),
    Err(
        NotMangled,
    ),
    Err(
        NotMangled,
    ),
    Err(
        NotMangled,
    ),
    Err(
        NotMangled,
    ),
    Err(
        NotMangled,
    ),
    Err(
        NotMangled,
    ),
    Err(
        NotMangled,
    ),
    Err(
        NotMangled,
    ),
    Err(
        NotMangled,
    ),
    Err(
        NotMangled,
    ),
    Err(
        NotMangled,
    ),
    Err(
        NotMangled,
    ),
    Err(
        NotMangled,
    ),
    Err(
        NotMangled,
    ),
    Err(
        NotMangled,
    ),
    Err(
        NotMangled,
    ),
    Err(
        NotMangled,
    ),
    Err(
        NotMangled,
    ),
    Err(
        NotMangled,
    ),
    Err(
        NotMangled,
    ),
    Err(
        NotMangled,
    ),
    Err(
        NotMangled,
    ),
    Err(
        NotMangled,
    ),
    Err(
        NotMangled,
    ),
    Err(
        NotMangled,
    ),
    Err(
        NotMangled,
    ),
    Err(
        NotMangled,
    ),
    Err(
        NotMangled,
    ),
    Err(
        NotMangled,
    ),
    Err(
        NotMangled,
    ),
    Err(
        NotMangled,
    ),
    Err(
        NotMangled,
    ),
    Err(
        NotMangled,
    ),
    Err(
        NotMangled,
    ),
    Err(
        NotMangled,
    ),
    Err(
        NotMangled,
    ),
    Err(
        NotMangled,
    ),
    Err(
        NotMangled,
    ),
    Err(
        NotMangled,
    ),
    Err(
        NotMangled,
    ),
    Err(
        NotMangled,
    ),
    Err(
        NotMangled,
    ),
    Err(
        NotMangled,
    ),
    Err(
        NotMangled,
    ),
    Err(
        NotMangled,
    ),
    Err(
        NotMangled,
    ),
    Err(
        NotMangled,
    ),
    Err(
        NotMangled,
    ),
    Err(
        NotMangled,
    ),
    Err(
        NotMangled,
    ),
    Err(
        NotMangled,
    ),
    Err(
        NotMangled,
    ),
    Err(
        NotMangled,
    ),
    Err(
        NotMangled,
    ),
    Err(
        NotMangled,
    ),
    Err(
        NotMangled,
    ),
    Err(
        NotMangled,
    ),
    Err(
        NotMangled,
    ),
    Err(
        NotMangled,
    ),
    Err(
        NotMangled,
    ),
    Err(
        NotMangled,
    ),
    Err(
        NotMangled,
    ),
    Err(
        NotMangled,
    ),
    Err(
        NotMangled,
    ),
    Err(
        NotMangled,
    ),
    Err(
        NotMangled,
    ),
    Err(
        NotMangled,
    ),
    Err(
        NotMangled,
    ),
    Err(
        NotMangled,
    ),
    Err(
        NotMangled,
    ),
    Err(
        NotMangled,
    ),
    Err(
        NotMangled,
    ),
    Err(
        NotMangled,
    ),
    Err(
        NotMangled,
    ),
    Err(
        NotMangled,
    ),
    Err(
        NotMangled,
    ),
    Err(
        NotMangled,
    ),
    Err(
        NotMangled,
    ),
    Err(
        NotMangled,
    ),
    Err(
        NotMangled,
    ),
    Err(
        NotMangled,
    ),
    Err(
        NotMangled,
    ),
    Err(
        NotMangled,
    ),
    Err(
        NotMangled,
    ),
    Err(
        NotMangled,
    ),
    Err(
        NotMangled,
    ),
    Err(
        NotMangled,
    ),
    Err(
        NotMangled,
    ),
    Err(
        NotMangled,
    ),
    Err(
        NotMangled,
    ),
    Err(
        NotMangled,
    ),
    Err(
        NotMangled,
    ),
    Err(
        NotMangled,
    ),
    Err(
        NotMangled,
    ),
    Err(
        NotMangled,
    ),
    Err(
        NotMangled,
    ),
    Err(
        NotMangled,
    ),
    Err(
        NotMangled,
    ),
    Err(
        NotMangled,
    ),
    Err(
        NotMangled,
    ),
    Err(
        NotMangled,
    ),
    Err(
        NotMangled,
    ),
    Err(
        NotMangled,
    ),
    Err(
        NotMangled,
    ),
    Err(
        NotMangled,
    ),
    Err(
        NotMangled,
    ),
    Err(
        NotMangled,
    ),
    Err(
        NotMangled,
    ),
    Err(
        NotMangled,
    ),
    Err(
        NotMangled,
    ),
    Err(
        NotMangled,
    ),
    Err(
        NotMangled,
    ),
    Err(
        NotMangled,
    ),
    Err(
        NotMangled,
    ),
    Err(
        NotMangled,
    ),
    Err(
        NotMangled,
    ),
    Err(
        NotMangled,
    ),
    Err(
        NotMangled,
    ),
    Err(
        NotMangled,
    ),
    Err(
        NotMangled,
    ),
    Err(
        NotMangled,
    ),
    Err(
        NotMangled,
    ),
    Err(
        NotMangled,
    ),
    Err(
        NotMangled,
    ),
    Err(
        NotMangled,
    ),
    Err(
        NotMangled,
    ),
    Err(
        NotMangled,
    ),
    Err(
        NotMangled,
    ),
    Err(
        NotMangled,
    ),
    Err(
        NotMangled,
    ),
    Err(
        NotMangled,
    ),
    Err(
        NotMangled,
    ),
    Err(
        NotMangled,
    ),
    Err(
        NotMangled,
    ),
    Err(
        NotMangled,
    ),
    Err(
        NotMangled,
    ),
    Err(
        NotMangled,
    ),
    Err(
        NotMangled,
    ),
    Err(
        NotMangled,
    ),
    Err(
        NotMangled,
    ),
    Err(
        NotMangled,
    ),
    Err(
        NotMangled,
    ),
    Err(
        NotMangled,
    ),
    Err(
        NotMangled,
    ),
    Err(
        NotMangled,
    ),
    Err(
        NotMangled,
    ),
    Err(
        NotMangled,
    ),
    Err(
        NotMangled,
    ),
    Err(
        NotMangled,
    ),
    Err(
        NotMangled,
    ),
    Err(
        NotMangled,
    ),
    Err(
        NotMangled,
    ),
    Err(
        NotMangled,
    ),
    Err(
        NotMangled,
    ),
    Err(
        NotMangled,
    ),
    Err(
        NotMangled,
    ),
    Err(
        NotMangled,
    ),
    Err(
        NotMangled,
    ),
    Err(
        NotMangled,
    ),
    Err(
        NotMangled,
    ),
    Err(
        NotMangled,
    ),
    Err(
        NotMangled,
    ),
    Err(
        NotMangled,
    ),
    Err(
        NotMangled,
    ),
    Err(
        NotMangled,
    ),
    Err(
        NotMangled,
    ),
    Err(
        NotMangled,
    ),
    Err(
        NotMangled,
    ),
    Err(
        NotMangled,
    ),
    Err(
        NotMangled,
    ),
    Err(
        NotMangled,
    ),
    Err(
        NotMangled,
    ),
    Err(
        NotMangled,
    ),
    Err(
        NotMangled,
    ),
    Err(
        NotMangled,
    ),
    Err(
        NotMangled,
    ),
    Err(
        NotMangled,
    ),
    Err(
        NotMangled,
    ),
    Err(
        NotMangled,
    ),
    Err(
        NotMangled,
    ),
    Err(
        NotMangled,
    ),
    Err(
        NotMangled,
    ),
    Err(
        NotMangled,
    ),
    Err(
        NotMangled,
    ),
    Err(
        NotMangled,
    ),
    Err(
        NotMangled,
    ),
    Err(
        NotMangled,
    ),
    Err(
        NotMangled,
    ),
    Err(
        NotMangled,
    ),
    Err(
        NotMangled,
    ),
    Err(
        NotMangled,
    ),
    Err(
        NotMangled,
    ),
    Err(
        NotMangled,
    ),
    Err(
        NotMangled,
    ),
    Err(
        NotMangled,
    ),
    Err(
        NotMangled,
    ),
    Err(
        NotMangled,
    ),
    Err(
        NotMangled,
    ),
    Err(
        NotMangled,
    ),
    Err(
        NotMangled,
    ),
    Err(
        NotMangled,
    ),
    Err(
        NotMangled,
    ),
    Err(
        NotMangled,
    ),
    Err(
        NotMangled,
    ),
    Err(
        NotMangled,
    ),
    Err(
        NotMangled,
    ),
    Err(
        NotMangled,
    ),
    Err(
        NotMangled,
    ),
    Err(
        NotMangled,
    ),
    Err(
        NotMangled,
    ),
    Err(
        NotMangled,
    ),
    Err(
        NotMangled,
    ),
    Err(
        NotMangled,
    ),
    Err(
        NotMangled,
    ),
    Err(
        NotMangled,
    ),
    Err(
        NotMangled,
    ),
    Err(
        NotMangled,
    ),
    Err(
        NotMangled,
    ),
    Err(
        NotMangled,
    ),
    Err(
        NotMangled,
    ),
    Err(
        NotMangled,
    ),
    Err(
        NotMangled,
    ),
    Err(
        NotMangled,
    ),
    Err(
        NotMangled,
    ),
    Err(
        NotMangled,
    ),
    Err(
        NotMangled,
    ),
    Err(
        NotMangled,
    ),
    Err(
        NotMangled,
    ),
    Err(
        NotMangled,
    ),
    Err(
        NotMangled,
    ),
    Err(
        NotMangled,
    ),
    Err(
        NotMangled,
    ),
    Err(
        NotMangled,
    ),
    Err(
        NotMangled,
    ),
    Err(
        NotMangled,
    ),
    Err(
        NotMangled,
    ),
    Err(
        NotMangled,
    ),
    Err(
        NotMangled,
    ),
    Err(
        NotMangled,
    ),
    Err(
        NotMangled,
    ),
    Err(
        NotMangled,
    ),
    Err(
        NotMangled,
    ),
    Err(
        NotMangled,
    ),
    Err(
        NotMangled,
    ),
    Err(
        NotMangled,
    ),
    Err(
        NotMangled,
    ),
    Err(
        NotMangled,
    ),
    Err(
        NotMangled,
    ),
    Err(
        NotMangled,
    ),
    Err(
        NotMangled,
    ),
    Err(
        NotMangled,
    ),
    Err(
        NotMangled,
    ),
    Err(
        NotMangled,
    ),
    Err(
        NotMangled,
    ),
    Err(
        NotMangled,
    ),
    Err(
        NotMangled,
    ),
    Err(
        NotMangled,
    ),
    Err(
        NotMangled,
    ),
    Err(
        NotMangled,
    ),
    Err(
        NotMangled,
    ),
    Err(
        NotMangled,
    ),
    Err(
        NotMangled,
    ),
    Err(
        NotMangled,
    ),
    Err(
        NotMangled,
    ),
    Err(
        NotMangled,
    ),
    Err(
        NotMangled,
    ),
    Err(
        NotMangled,
    ),
    Err(
        NotMangled,
    ),
    Err(
        NotMangled,
    ),
    Err(
        NotMangled,
    ),
    Err(
        NotMangled,
    ),
    Err(
        NotMangled,
    ),
    Err(
        NotMangled,
    ),
    Err(
        NotMangled,
    ),
    Err(
        NotMangled,
    ),
    Err(
        NotMangled,
    ),
    Err(
        NotMangled,
    ),
    Err(
        NotMangled,
    ),
    Err(
        NotMangled,
    ),
    Err(
        NotMangled,
    ),
    Err(
        NotMangled,
    ),
    Err(
        NotMangled,
    ),
    Err(
        NotMangled,
    ),
    Err(
        NotMangled,
    ),
    Err(
        NotMangled,
    ),
    Err(
        NotMangled,
    ),
    Err(
        NotMangled,
    ),
    Err(
        NotMangled,
    ),
    Err(
        NotMangled,
    ),
    Err(
        NotMangled,
    ),
    Err(
        NotMangled,
    ),
    Err(
        NotMangled,
    ),
    Err(
        NotMangled,
    ),
    Err(
        NotMangled,
    ),
    Err(
        NotMangled,
    ),
    Err(
        NotMangled,
    ),
    Err(
        NotMangled,
    ),
    Err(
        NotMangled,
    ),
    Err(
        NotMangled,
    ),
    Err(
        NotMangled,
    ),
    Err(
        NotMangled,
    ),
    Err(
        NotMangled,
    ),
    Err(
        NotMangled,
    ),
    Err(
        NotMangled,
    ),
    Err(
        NotMangled,
    ),
    Err(
        NotMangled,
    ),
    Err(
        NotMangled,
    ),
    Err(
        NotMangled,
    ),
    Err(
        NotMangled,
    ),
    Err(
        NotMangled,
    ),
    Err(
        NotMangled,
    ),
    Err(
        NotMangled,
    ),
    Err(
        NotMangled,
    ),
    Err(
        NotMangled,
    ),
    Err(
        NotMangled,
    ),
    Err(
        NotMangled,
    ),
    Err(
        NotMangled,
    ),
    Err(
        NotMangled,
    ),
    Err(
        NotMangled,
    ),
    Err(
        NotMangled,
    ),
    Err(
        NotMangled,
    ),
    Err(
        NotMangled,
    ),
    Err(
        NotMangled,
    ),
    Err(
        NotMangled,
    ),
    Err(
        NotMangled,
    ),
    Err(
        NotMangled,
    ),
    Err(
        NotMangled,
    ),
    Err(
        NotMangled,
    ),
    Err(
        NotMangled,
    ),
    Err(
        NotMangled,
    ),
    Err(
        NotMangled,
    ),
    Err(
        NotMangled,
    ),
    Err(
        NotMangled,
    ),
    Err(
        NotMangled,
    ),
    Err(
        NotMangled,
    ),
    Err(
        NotMangled,
    ),
    Err(
        NotMangled,
    ),
    Err(
        NotMangled,
    ),
    Err(
        NotMangled,
    ),
    Err(
        NotMangled,
    ),
    Err(
        NotMangled,
    ),
    Err(
        NotMangled,
    ),
    Err(
        NotMangled,
    ),
    Err(
        NotMangled,
    ),
    Err(
        NotMangled,
    ),
    Err(
        NotMangled,
    ),
    Err(
        NotMangled,
    ),
    Err(
        NotMangled,
    ),
    Err(
        NotMangled,
    ),
    Err(
        NotMangled,
    ),
    Err(
        NotMangled,
    ),
    Err(
        NotMangled,
    ),
    Err(
        NotMangled,
    ),
    Err(
        NotMangled,
    ),
    Err(
        NotMangled,
    ),
    Err(
        NotMangled,
    ),
    Err(
        NotMangled,
    ),
    Err(
        NotMangled,
    ),
    Err(
        NotMangled,
    ),
    Err(
        NotMangled,
    ),
    Err(
        NotMangled,
    ),
    Err(
        NotMangled,
    ),
    Err(
        NotMangled,
    ),
    Err(
        NotMangled,
    ),
    Err(
        NotMangled,
    ),
    Err(
        NotMangled,
    ),
    Err(
        NotMangled,
    ),
    Err(
        NotMangled,
    ),
    Err(
        NotMangled,
    ),
    Err(
        NotMangled,
    ),
    Err(
        NotMangled,
    ),
    Err(
        NotMangled,
    ),
    Err(
        NotMangled,
    ),
    Err(
        NotMangled,
    ),
    Err(
        NotMangled,
    ),
    Err(
        NotMangled,
    ),
    Err(
        NotMangled,
    ),
    Err(
        NotMangled,
    ),
    Err(
        NotMangled,
    ),
    Err(
        NotMangled,
    ),
    Err(
        NotMangled,
    ),
    Err(
        NotMangled,
    ),
    Err(
        NotMangled,
    ),
    Err(
        NotMangled,
    ),
    Err(
        NotMangled,
    ),
    Err(
        NotMangled,
    ),
    Err(
        NotMangled,
    ),
    Err(
        NotMangled,
    ),
    Err(
        NotMangled,
    ),
    Err(
        NotMangled,
    ),
    Err(
        NotMangled,
    ),
    Err(
        NotMangled,
    ),
    Err(
        NotMangled,
    ),
    Err(
        NotMangled,
    ),
    Err(
        NotMangled,
    ),
    Err(
        NotMangled,
    ),
    Err(
        NotMangled,
    ),
    Err(
        NotMangled,
    ),
    Err(
        NotMangled,
    ),
    Err(
        NotMangled,
    ),
    Err(
        NotMangled,
    ),
    Err(
        NotMangled,
    ),
    Err(
        NotMangled,
    ),
    Err(
        NotMangled,
    ),
    Err(
        NotMangled,
    ),
    Err(
        NotMangled,
    ),
    Err(
        NotMangled,
    ),
    Err(
        NotMangled,
    ),
    Err(
        NotMangled,
    ),
    Err(
        NotMangled,
    ),
    Err(
        NotMangled,
    ),
    Err(
        NotMangled,
    ),
    Err(
        NotMangled,
    ),
    Err(
        NotMangled,
    ),
    Err(
        NotMangled,
    ),
    Err(
        NotMangled,
    ),
    Err(
        NotMangled,
    ),
    Err(
        NotMangled,
    ),
    Err(
        NotMangled,
    ),
    Err(
        NotMangled,
    ),
    Err(
        NotMangled,
    ),
    Err(
        NotMangled,
    ),
    Err(
        NotMangled,
    ),
    Err(
        NotMangled,
    ),
    Err(
        NotMangled,
    ),
    Err(
        NotMangled,
    ),
    Err(
        NotMangled,
    ),
    Err(
        NotMangled,
    ),
    Err(
        NotMangled,
    ),
    Err(
        NotMangled,
    ),
    Err(
        NotMangled,
    ),
    Err(
        NotMangled,
    ),
    Err(
        NotMangled,
    ),
    Err(
        NotMangled,
    ),
    Err(
        NotMangled,
    ),
    Err(
        NotMangled,
    ),
    Err(
        NotMangled,
    ),
    Err(
        NotMangled,
    ),
    Err(
        NotMangled,
    ),
    Err(
        NotMangled,
    ),
    Err(
        NotMangled,
    ),
    Err(
        NotMangled,
    ),
    Err(
        NotMangled,
    ),
    Err(
        NotMangled,
    ),
    Err(
        NotMangled,
    ),
    Err(
        NotMangled,
    ),
    Err(
        NotMangled,
    ),
    Err(
        NotMangled,
    ),
    Err(
        NotMangled,
    ),
    Err(
        NotMangled,
    ),
    Err(
        NotMangled,
    ),
    Err(
        NotMangled,
    ),
    Err(
        NotMangled,
    ),
    Err(
        NotMangled,
    ),
    Err(
        NotMangled,
    ),
    Err(
        NotMangled,
    ),
    Err(
        NotMangled,
    ),
    Err(
        NotMangled,
    ),
    Err(
        NotMangled,
    ),
    Err(
        NotMangled,
    ),
    Err(
        NotMangled,
    ),
    Err(
        NotMangled,
    ),
    Err(
        NotMangled,
    ),
    Err(
        NotMangled,
    ),
    Err(
        NotMangled,
    ),
    Err(
        NotMangled,
    ),
    Err(
        NotMangled,
    ),
    Err(
        NotMangled,
    ),
    Err(
        NotMangled,
    ),
    Err(
        NotMangled,
    ),
    Err(
        NotMangled,
    ),
    Err(
        NotMangled,
    ),
    Err(
        NotMangled,
    ),
    Err(
        NotMangled,
    ),
    Err(
        NotMangled,
    ),
    Err(
        NotMangled,
    ),
    Err(
        NotMangled,
    ),
    Err(
        NotMangled,
    ),
    Err(
        NotMangled,
    ),
    Err(
        NotMangled,
    ),
    Err(
        NotMangled,
    ),
    Err(
        NotMangled,
    ),
    Err(
        NotMangled,
    ),
    Err(
        NotMangled,
    ),
    Err(
        NotMangled,
    ),
    Err(
        NotMangled,
    ),
    Err(
        NotMangled,
    ),
    Err(
        NotMangled,
    ),
    Err(
        NotMangled,
    ),
    Err(
        NotMangled,
    ),
    Err(
        NotMangled,
    ),
    Err(
        NotMangled,
    ),
    Err(
        NotMangled,
    ),
    Err(
        NotMangled,
    ),
    Err(
        NotMangled,
    ),
    Err(
        NotMangled,
    ),
    Err(
        NotMangled,
    ),
    Err(
        NotMangled,
    ),
    Err(
        NotMangled,
    ),
    Err(
        NotMangled,
    ),
    Err(
        NotMangled,
    ),
    Err(
        NotMangled,
    ),
    Err(
        NotMangled,
    ),
    Err(
        NotMangled,
    ),
    Err(
        NotMangled,
    ),
    Err(
        NotMangled,
    ),
    Err(
        NotMangled,
    ),
    Err(
        NotMangled,
    ),
    Err(
        NotMangled,
    ),
    Err(
        NotMangled,
    ),
    Err(
        NotMangled,
    ),
    Err(
        NotMangled,
    ),
    Err(
        NotMangled,
    ),
    Err(
        NotMangled,
    ),
    Err(
        NotMangled,
    ),
    Err(
        NotMangled,
    ),
    Err(
        NotMangled,
    ),
    Err(
        NotMangled,
    ),
    Err(
        NotMangled,
    ),
    Err(
        NotMangled,
    ),
    Err(
        NotMangled,
    ),
    Err(
        NotMangled,
    ),
    Err(
        NotMangled,
    ),
    Err(
        NotMangled,
    ),
    Err(
        NotMangled,
    ),
    Err(
        NotMangled,
    ),
    Err(
        NotMangled,
    ),
    Err(
        NotMangled,
    ),
    Err(
        NotMangled,
    ),
    Err(
        NotMangled,
    ),
    Err(
        NotMangled,
    ),
    Err(
        NotMangled,
    ),
    Err(
        NotMangled,
    ),
    Err(
        NotMangled,
    ),
    Err(
        NotMangled,
    ),
    Err(
        NotMangled,
    ),
    Err(
        NotMangled,
    ),
    Err(
        NotMangled,
    ),
    Err(
        NotMangled,
    ),
    Err(
        NotMangled,
    ),
    Err(
        NotMangled,
    ),
    Err(
        NotMangled,
    ),
    Err(
        NotMangled,
    ),
    Err(
        NotMangled,
    ),
    Err(
        NotMangled,
    ),
    Err(
        NotMangled,
    ),
    Err(
        NotMangled,
    ),
    Err(
        NotMangled,
    ),
    Err(
        NotMangled,
    ),
    Err(
        NotMangled,
    ),
    Err(
        NotMangled,
    ),
    Err(
        NotMangled,
    ),
    Err(
        NotMangled,
    ),
    Err(
        NotMangled,
    ),
    Err(
        NotMangled,
    ),
    Err(
        NotMangled,
    ),
    Err(
        NotMangled,
    ),
    Err(
        NotMangled,
    ),
    Err(
        NotMangled,
    ),
    Err(
        NotMangled,
    ),
    Err(
        NotMangled,
    ),
    Err(
        NotMangled,
    ),
    Err(
        NotMangled,
    ),
    Err(
        NotMangled,
    ),
    Err(
        NotMangled,
    ),
    Err(
        NotMangled,
    ),
    Err(
        NotMangled,
    ),
    Err(
        NotMangled,
    ),
    Err(
        NotMangled,
    ),
    Err(
        NotMangled,
    ),
    Err(
        NotMangled,
    ),
    Err(
        NotMangled,
    ),
    Err(
        NotMangled,
    ),
    Err(
        NotMangled,
    ),
    Err(
        NotMangled,
    ),
    Err(
        NotMangled,
    ),
    Err(
        NotMangled,
    ),
    Err(
        NotMangled,
    ),
    Err(
        NotMangled,
    ),
    Err(
        NotMangled,
    ),
    Err(
        NotMangled,
    ),
    Err(
        NotMangled,
    ),
    Err(
        NotMangled,
    ),
    Err(
        NotMangled,
    ),
    Err(
        NotMangled,
    ),
    Err(
        NotMangled,
    ),
    Err(
        NotMangled,
    ),
    Err(
        NotMangled,
    ),
    Err(
        NotMangled,
    ),
    Err(
        NotMangled,
    ),
    Err(
        NotMangled,
    ),
    Err(
        NotMangled,
    ),
    Err(
        NotMangled,
    ),
    Err(
        NotMangled,
    ),
    Err(
        NotMangled,
    ),
    Err(
        NotMangled,
    ),
    Err(
        NotMangled,
    ),
    Err(
        NotMangled,
    ),
    Err(
        NotMangled,
    ),
    Err(
        NotMangled,
    ),
    Err(
        NotMangled,
    ),
    Err(
        NotMangled,
    ),
    Err(
        NotMangled,
    ),
    Err(
        NotMangled,
    ),
    Err(
        NotMangled,
    ),
    Err(
        NotMangled,
    ),
    Err(
        NotMangled,
    ),
    Err(
        NotMangled,
    ),
    Err(
        NotMangled,
    ),
    Err(
        NotMangled,
    ),
    Err(
        NotMangled,
    ),
    Err(
        NotMangled,
    ),
    Err(
        NotMangled,
    ),
    Err(
        NotMangled,
    ),
    Err(
        NotMangled,
    ),
    Err(
        NotMangled,
    ),
    Err(
        NotMangled,
    ),
    Err(
        NotMangled,
    ),
    Err(
        NotMangled,
    ),
    Err(
        NotMangled,
    ),
    Err(
        NotMangled,
    ),
    Err(
        NotMangled,
    ),
    Err(
        NotMangled,
    ),
    Err(
        NotMangled,
    ),
    Err(
        NotMangled,
    ),
    Err(
        NotMangled,
    ),
    Err(
        NotMangled,
    ),
    Err(
        NotMangled,
    ),
    Err(
        NotMangled,
    ),
    Err(
        NotMangled,
    ),
    Err(
        NotMangled,
    ),
    Err(
        NotMangled,
    ),
    Err(
        NotMangled,
    ),
    Err(
        NotMangled,
    ),
    Err(
        NotMangled,
    ),
    Err(
        NotMangled,
    ),
    Err(
        NotMangled,
    ),
    Err(
        NotMangled,
    ),
    Err(
        NotMangled,
    ),
    Err(
        NotMangled,
    ),
    Err(
        NotMangled,
    ),
    Err(
        NotMangled,
    ),
    Err(
        NotMangled,
    ),
    Err(
        NotMangled,
    ),
    Err(
        NotMangled,
    ),
    Err(
        NotMangled,
    ),
    Err(
        NotMangled,
    ),
    Err(
        NotMangled,
    ),
    Err(
        NotMangled,
    ),
    Err(
        NotMangled,
    ),
    Err(
        NotMangled,
    ),
    Err(
        NotMangled,
    ),
    Err(
        NotMangled,
    ),
    Err(
        NotMangled,
    ),
    Err(
        NotMangled,
    ),
    Err(
        NotMangled,
    ),
    Err(
        NotMangled,
    ),
    Err(
        NotMangled,
    ),
    Err(
        NotMangled,
    ),
    Err(
        NotMangled,
    ),
    Err(
        NotMangled,
    ),
    Err(
        NotMangled,
    ),
    Err(
        NotMangled,
    ),
    Err(
        NotMangled,
    ),
    Err(
        NotMangled,
    ),
    Err(
        NotMangled,
    ),
    Err(
        NotMangled,
    ),
    Err(
        NotMangled,
    ),
    Err(
        NotMangled,
    ),
    Err(
        NotMangled,
    ),
    Err(
        NotMangled,
    ),
    Err(
        NotMangled,
    ),
    Err(
        NotMangled,
    ),
    Err(
        NotMangled,
    ),
    Err(
        NotMangled,
    ),
    Err(
        NotMangled,
    ),
    Err(
        NotMangled,
    ),
    Err(
        NotMangled,
    ),
    Err(
        NotMangled,
    ),
    Err(
        NotMangled,
    ),
    Err(
        NotMangled,
    ),
    Err(
        NotMangled,
    ),
    Err(
        NotMangled,
    ),
    Err(
        NotMangled,
    ),
    Err(
        NotMangled,
    ),
    Err(
        NotMangled,
    ),
    Err(
        NotMangled,
    ),
    Err(
        NotMangled,
    ),
    Err(
        NotMangled,
    ),
    Err(
        NotMangled,
    ),
    Err(
        NotMangled,
    ),
    Err(
        NotMangled,
    ),
    Err(
        NotMangled,
    ),
    Err(
        NotMangled,
    ),
    Err(
        NotMangled,
    ),
    Err(
        NotMangled,
    ),
    Err(
        NotMangled,
    ),
    Err(
        NotMangled,
    ),
    Err(
        NotMangled,
    ),
    Err(
        NotMangled,
    ),
    Err(
        NotMangled,
    ),
    Err(
        NotMangled,
    ),
    Err(
        NotMangled,
    ),
    Err(
        NotMangled,
    ),
    Err(
        NotMangled,
    ),
    Err(
        NotMangled,
    ),
    Err(
        NotMangled,
    ),
    Err(
        NotMangled,
    ),
    Err(
        NotMangled,
    ),
    Err(
        NotMangled,
    ),
    Err(
        NotMangled,
    ),
    Err(
        NotMangled,
    ),
    Err(
        NotMangled,
    ),
    Err(
        NotMangled,
    ),
    Err(
        NotMangled,
    ),
    Err(
        NotMangled,
    ),
    Err(
        NotMangled,
    ),
    Err(
        NotMangled,
    ),
    Err(
        NotMangled,
    ),
    Err(
        NotMangled,
    ),
    Err(
        NotMangled,
    ),
    Err(
        NotMangled,
    ),
    Err(
        NotMangled,
    ),
    Err(
        NotMangled,
    ),
    Err(
        NotMangled,
    ),
    Err(
        NotMangled,
    ),
    Err(
        NotMangled,
    ),
    Err(
        NotMangled,
    ),
    Err(
        NotMangled,
    ),
    Err(
        NotMangled,
    ),
    Err(
        NotMangled,
    ),
    Err(
        NotMangled,
    ),
    Err(
        NotMangled,
    ),
    Err(
        NotMangled,
    ),
    Err(
        NotMangled,
    ),
    Err(
        NotMangled,
    ),
    Err(
        NotMangled,
    ),
    Err(
        NotMangled,
    ),
    Err(
        NotMangled,
    ),
    Err(
        NotMangled,
    ),
    Err(
        NotMangled,
    ),
    Err(
        NotMangled,
    ),
    Err(
        NotMangled,
    ),
    Err(
        NotMangled,
    ),
    Err(
        NotMangled,
    ),
    Err(
        NotMangled,
    ),
    Err(
        NotMangled,
    ),
    Err(
        NotMangled,
    ),
    Err(
        NotMangled,
    ),
    Err(
        NotMangled,
    ),
    Err(
        NotMangled,
    ),
    Err(
        NotMangled,
    ),
    Err(
        NotMangled,
    ),
    Err(
        NotMangled,
    ),
    Err(
        NotMangled,
    ),
    Err(
        NotMangled,
    ),
    Err(
        NotMangled,
    ),
    Err(
        NotMangled,
    ),
    Err(
        NotMangled,
    ),
    Err(
        NotMangled,
    ),
    Err(
        NotMangled,
    ),
    Err(
        NotMangled,
    ),
    Err(
        NotMangled,
    ),
    Err(
        NotMangled,
    ),
    Err(
        NotMangled,
    ),
    Err(
        NotMangled,
    ),
    Err(
        NotMangled,
    ),
    Err(
        NotMangled,
    ),
    Err(
        NotMangled,
    ),
    Err(
        NotMangled,
    ),
    Err(
        NotMangled,
    ),
    Err(
        NotMangled,
    ),
    Err(
        NotMangled,
    ),
    Err(
        NotMangled,
    ),
    Err(
        NotMangled,
    ),
    Err(
        NotMangled,
    ),
    Err(
        NotMangled,
    ),
    Err(
        NotMangled,
    ),
    Err(
        NotMangled,
    ),
    Err(
        NotMangled,
    ),
    Err(
        NotMangled,
    ),
    Err(
        NotMangled,
    ),
    Err(
        NotMangled,
    ),
    Err(
        NotMangled,
    ),
    Err(
        NotMangled,
    ),
    Err(
        NotMangled,
    ),
    Err(
        NotMangled,
    ),
    Err(
        NotMangled,
    ),
    Err(
        NotMangled,
    ),
    Err(
        NotMangled,
    ),
    Err(
        NotMangled,
    ),
    Err(
        NotMangled,
    ),
    Err(
        NotMangled,
    ),
    Err(
        NotMangled,
    ),
    Err(
        NotMangled,
    ),
    Err(
        NotMangled,
    ),
    Err(
        NotMangled,
    ),
    Err(
        NotMangled,
    ),
    Err(
        NotMangled,
    ),
    Err(
        NotMangled,
    ),
    Err(
        NotMangled,
    ),
    Err(
        NotMangled,
    ),
    Err(
        NotMangled,
    ),
    Err(
        NotMangled,
    ),
    Err(
        NotMangled,
    ),
    Err(
        NotMangled,
    ),
    Err(
        NotMangled,
    ),
    Err(
        NotMangled,
    ),
    Err(
        NotMangled,
    ),
    Err(
        NotMangled,
    ),
    Err(
        NotMangled,
    ),
    Err(
        NotMangled,
    ),
    Err(
        NotMangled,
    ),
    Err(
        NotMangled,
    ),
    Err(
        NotMangled,
    ),
    Err(
        NotMangled,
    ),
    Err(
        NotMangled,
    ),
    Err(
        NotMangled,
    ),
    Err(
        NotMangled,
    ),
    Err(
        NotMangled,
    ),
    Err(
        NotMangled,
    ),
    Err(
        NotMangled,
    ),
    Err(
        NotMangled,
    ),
    Err(
        NotMangled,
    ),
    Err(
        NotMangled,
    ),
    Err(
        NotMangled,
    ),
    Err(
        NotMangled,
    ),
    Err(
        NotMangled,
    ),
    Err(
        NotMangled,
    ),
    Err(
        NotMangled,
    ),
    Err(
        NotMangled,
    ),
    Err(
        NotMangled,
    ),
    Err(
        NotMangled,
    ),
    Err(
        NotMangled,
    ),
    Err(
        NotMangled,
    ),
    Err(
        NotMangled,
    ),
    Err(
        NotMangled,
    ),
    Err(
        NotMangled,
    ),
    Err(
        NotMangled,
    ),
    Err(
        NotMangled,
    ),
    Err(
        NotMangled,
    ),
    Err(
        NotMangled,
    ),
    Err(
        NotMangled,
    ),
    Err(
        NotMangled,
    ),
    Err(
        NotMangled,
    ),
    Err(
        NotMangled,
    ),
    Err(
        NotMangled,
    ),
    Err(
        NotMangled,
    ),
    Err(
        NotMangled,
    ),
    Err(
        NotMangled,
    ),
    Err(
        NotMangled,
    ),
    Err(
        NotMangled,
    ),
    Err(
        NotMangled,
    ),
    Err(
        NotMangled,
    ),
    Err(
        NotMangled,
    ),
    Err(
        NotMangled,
    ),
    Err(
        NotMangled,
    ),
    Err(
        NotMangled,
    ),
    Err(
        NotMangled,
    ),
    Err(
        NotMangled,
    ),
    Err(
        NotMangled,
    ),
    Err(
        NotMangled,
    ),
    Err(
        NotMangled,
    ),
    Err(
        NotMangled,
    ),
    Err(
        NotMangled,
    ),
    Err(
        NotMangled,
    ),
    Err(
        NotMangled,
    ),
    Err(
        NotMangled,
    ),
    Err(
        NotMangled,
    ),
    Err(
        NotMangled,
    ),
    Err(
        NotMangled,
    ),
    Err(
        NotMangled,
    ),
    Err(
        NotMangled,
    ),
    Err(
        NotMangled,
    ),
    Err(
        NotMangled,
    ),
    Err(
        NotMangled,
    ),
    Err(
        NotMangled,
    ),
    Err(
        NotMangled,
    ),
    Err(
        NotMangled,
    ),
    Err(
        NotMangled,
    ),
    Err(
        NotMangled,
    ),
    Err(
        NotMangled,
    ),
    Err(
        NotMangled,
    ),
    Err(
        NotMangled,
    ),
    Err(
        NotMangled,
    ),
    Err(
        NotMangled,
    ),
    Err(
        NotMangled,
    ),
    Err(
        NotMangled,
    ),
    Err(
        NotMangled,
    ),
    Err(
        NotMangled,
    ),
    Err(
        NotMangled,
    ),
    Err(
        NotMangled,
    ),
    Err(
        NotMangled,
    ),
    Err(
        NotMangled,
    ),
    Err(
        NotMangled,
    ),
    Err(
        NotMangled,
    ),
    Err(
        NotMangled,
    ),
    Err(
        NotMangled,
    ),
    Err(
        NotMangled,
    ),
    Err(
        NotMangled,
    ),
    Err(
        NotMangled,
    ),
    Err(
        NotMangled,
    ),
    Err(
        NotMangled,
    ),
    Err(
        NotMangled,
    ),
    Err(
        NotMangled,
    ),
    Err(
        NotMangled,
    ),
    Err(
        NotMangled,
    ),
    Err(
        NotMangled,
    ),
    Err(
        NotMangled,
    ),
    Err(
        NotMangled,
    ),
    Err(
        NotMangled,
    ),
    Err(
        NotMangled,
    ),
    Err(
        NotMangled,
    ),
    Err(
        NotMangled,
    ),
    Err(
        NotMangled,
    ),
    Err(
        NotMangled,
    ),
    Err(
        NotMangled,
    ),
    Err(
        NotMangled,
    ),
    Err(
        NotMangled,
    ),
    Err(
        NotMangled,
    ),
    Err(
        NotMangled,
    ),
    Err(
        NotMangled,
    ),
    Err(
        NotMangled,
    ),
    Err(
        NotMangled,
    ),
    Err(
        NotMangled,
    ),
    Err(
        NotMangled,
    ),
    Err(
        NotMangled,
    ),
    Err(
        NotMangled,
    ),
    Err(
        NotMangled,
    ),
    Err(
        NotMangled,
    ),
    Err(
        NotMangled,
    ),
    Err(
        NotMangled,
    ),
    Err(
        NotMangled,
    ),
    Err(
        NotMangled,
    ),
    Err(
        NotMangled,
    ),
    Err(
        NotMangled,
    ),
    Err(
        NotMangled,
    ),
    Err(
        NotMangled,
    ),
    Err(
        NotMangled,
    ),
    Err(
        NotMangled,
    ),
    Err(
        NotMangled,
    ),
    Err(
        NotMangled,
    ),
    Err(
        NotMangled,
    ),
    Err(
        NotMangled,
    ),
    Err(
        NotMangled,
    ),
    Ok(
        "PrDmaStripForSetGifRegister::Append(unsigned int, unsigned long const &)",
    ),
    Ok(
        "PrDmaStripForSetGifRegister::Freeze(unsigned char, void const *)",
    ),
    Ok(
        "PrInitializeDmaStripGifRegister(sceGsZbuf)",
    ),
    Ok(
        "PrGetDmaStripGifRegister(PrSetGifRegisterMode)",
    ),
    Ok(
        "global destructors keyed to PrDmaStripForSetGifRegister::Append(unsigned int, unsigned long const &)",
    ),
    Ok(
        "global constructors keyed to PrDmaStripForSetGifRegister::Append(unsigned int, unsigned long const &)",
    ),
    Ok(
        "PrDmaStripForSetGifRegister::~PrDmaStripForSetGifRegister(void)",
    ),
    Err(
        NotMangled,
    ),
    Err(
        NotMangled,
    ),
    Err(
        NotMangled,
    ),
    Ok(
        "AllocateFromWorkArea(unsigned int)",
    ),
    Ok(
        "PrModelObject::PrModelObject(SpmFileHeader *)",
    ),
    Ok(
        "PrModelObject::~PrModelObject(void)",
    ),
    Ok(
        "PrModelObject::Initialize(void)",
    ),
    Ok(
        "PrModelObject::LinkAnimation(SpaFileHeader *)",
    ),
    Ok(
        "PrModelObject::CleanupAnimation(void)",
    ),
    Ok(
        "PrModelObject::LinkPositionAnimation(SpaFileHeader *)",
    ),
    Ok(
        "PrModelObject::CleanupPositionAnimation(void)",
    ),
    Ok(
        "PrModelObject::UnionBoundaryBox(NaVECTOR<float, 4> *, NaVECTOR<float, 4> *)",
    ),
    Ok(
        "PrModelObject::GetPrimitivePosition(NaVECTOR<float, 4> *)",
    ),
    Ok(
        "PrModelObject::GetScreenPosition(NaVECTOR<float, 4> *)",
    ),
    Err(
        NotMangled,
    ),
    Err(
        NotMangled,
    ),
    Ok(
        "PrObjectDatabase::PrObjectDatabase(void)",
    ),
    Ok(
        "PrObjectDatabase::~PrObjectDatabase(void)",
    ),
    Ok(
        "PrObjectDatabase::Initialize(void)",
    ),
    Ok(
        "PrObjectDatabase::Cleanup(void)",
    ),
    Ok(
        "PrObjectDatabase::CreateScene(sceGsDrawEnv1 *, char const *, unsigned int)",
    ),
    Ok(
        "PrObjectDatabase::DeleteScene(PrSceneObject *)",
    ),
    Ok(
        "global destructors keyed to prObjectDatabase",
    ),
    Ok(
        "global constructors keyed to prObjectDatabase",
    ),
    Err(
        NotMangled,
    ),
    Err(
        NotMangled,
    ),
    Ok(
        "PrObjectSet<SpcFileHeader>::~PrObjectSet(void)",
    ),
    Ok(
        "PrObjectSet<SpaFileHeader>::~PrObjectSet(void)",
    ),
    Ok(
        "PrObjectSet<PrSceneObject>::~PrObjectSet(void)",
    ),
    Ok(
        "PrRenderStuff::PrRenderStuff(void)",
    ),
    Ok(
        "PrRenderStuff::~PrRenderStuff(void)",
    ),
    Ok(
        "PrRenderStuff::Initialize(sceGsZbuf)",
    ),
    Ok(
        "PrRenderStuff::Cleanup(void)",
    ),
    Ok(
        "PrRenderStuff::GetZbufBits(void) const",
    ),
    Ok(
        "PrRenderStuff::ResetStatistics(void)",
    ),
    Ok(
        "PrRenderStuff::StartRender(PrSceneObject *)",
    ),
    Ok(
        "PrRenderStuff::WaitRender(void)",
    ),
    Ok(
        "PrRenderStuff::AllocateTransmitDmaArray(unsigned int)",
    ),
    Ok(
        "PrRenderStuff::AppendTransmitDmaTag(_sceDmaTag const *, unsigned int, float)",
    ),
    Ok(
        "PrRenderStuff::CompareFunction(void const *, void const *)",
    ),
    Ok(
        "PrRenderStuff::SortTransmitDmaArray(void)",
    ),
    Ok(
        "PrRenderStuff::MergeRender(void)",
    ),
    Ok(
        "global destructors keyed to prRenderStuff",
    ),
    Ok(
        "global constructors keyed to prRenderStuff",
    ),
    Ok(
        "PrRenderStuff::AppendDmaTag(_sceDmaTag const *)",
    ),
    Err(
        NotMangled,
    ),
    Err(
        NotMangled,
    ),
    Err(
        NotMangled,
    ),
    Err(
        NotMangled,
    ),
    Err(
        NotMangled,
    ),
    Err(
        NotMangled,
    ),
    Err(
        NotMangled,
    ),
    Err(
        NotMangled,
    ),
    Err(
        NotMangled,
    ),
    Err(
        NotMangled,
    ),
    Err(
        NotMangled,
    ),
    Err(
        NotMangled,
    ),
    Err(
        NotMangled,
    ),
    Err(
        NotMangled,
    ),
    Err(
        NotMangled,
    ),
    Err(
        NotMangled,
    ),
    Err(
        NotMangled,
    ),
    Err(
        NotMangled,
    ),
    Err(
        NotMangled,
    ),
    Err(
        NotMangled,
    ),
    Err(
        NotMangled,
    ),
    Err(
        NotMangled,
    ),
    Err(
        NotMangled,
    ),
    Err(
        NotMangled,
    ),
    Err(
        NotMangled,
    ),
    Err(
        NotMangled,
    ),
    Err(
        NotMangled,
    ),
    Err(
        NotMangled,
    ),
    Err(
        NotMangled,
    ),
    Err(
        NotMangled,
    ),
    Err(
        NotMangled,
    ),
    Err(
        NotMangled,
    ),
    Err(
        NotMangled,
    ),
    Err(
        NotMangled,
    ),
    Err(
        NotMangled,
    ),
    Err(
        NotMangled,
    ),
    Err(
        NotMangled,
    ),
    Err(
        NotMangled,
    ),
    Err(
        NotMangled,
    ),
    Err(
        NotMangled,
    ),
    Err(
        NotMangled,
    ),
    Err(
        NotMangled,
    ),
    Err(
        NotMangled,
    ),
    Err(
        NotMangled,
    ),
    Err(
        NotMangled,
    ),
    Err(
        NotMangled,
    ),
    Err(
        NotMangled,
    ),
    Err(
        NotMangled,
    ),
    Err(
        NotMangled,
    ),
    Err(
        NotMangled,
    ),
    Err(
        NotMangled,
    ),
    Err(
        NotMangled,
    ),
    Err(
        NotMangled,
    ),
    Err(
        NotMangled,
    ),
    Err(
        NotMangled,
    ),
    Err(
        NotMangled,
    ),
    Err(
        NotMangled,
    ),
    Err(
        NotMangled,
    ),
    Err(
        NotMangled,
    ),
    Err(
        NotMangled,
    ),
    Err(
        NotMangled,
    ),
    Err(
        NotMangled,
    ),
    Err(
        NotMangled,
    ),
    Err(
        NotMangled,
    ),
    Err(
        NotMangled,
    ),
    Err(
        NotMangled,
    ),
    Err(
        NotMangled,
    ),
    Err(
        NotMangled,
    ),
    Err(
        NotMangled,
    ),
    Err(
        NotMangled,
    ),
    Err(
        NotMangled,
    ),
    Err(
        NotMangled,
    ),
    Err(
        NotMangled,
    ),
    Err(
        NotMangled,
    ),
    Err(
        NotMangled,
    ),
    Err(
        NotMangled,
    ),
    Err(
        NotMangled,
    ),
    Err(
        NotMangled,
    ),
    Err(
        NotMangled,
    ),
    Err(
        NotMangled,
    ),
    Err(
        NotMangled,
    ),
    Ok(
        "InitializeDebugParam(void)",
    ),
    Err(
        NotMangled,
    ),
    Err(
        NotMangled,
    ),
    Err(
        NotMangled,
    ),
    Err(
        NotMangled,
    ),
    Err(
        NotMangled,
    ),
    Err(
        NotMangled,
    ),
    Err(
        NotMangled,
    ),
    Err(
        NotMangled,
    ),
    Ok(
        "SpmFileHeader::ChangePointer(void)",
    ),
    Ok(
        "SpmNode::ChangePointer(SpmFileHeader *, SpmNode *)",
    ),
    Ok(
        "SpaFileHeader::ChangePointer(void)",
    ),
    Ok(
        "SpaNodeAnimation::ChangePointer(SpaFileHeader *)",
    ),
    Ok(
        "SpcFileHeader::ChangePointer(void)",
    ),
    Ok(
        "PrSceneObject::Render(void)",
    ),
    Ok(
        "PrSceneObject::InitializeVu1(void)",
    ),
    Ok(
        "PrSceneObject::PrepareScreenModelRender(void)",
    ),
    Ok(
        "PrModelObject::CalculateCurrentMatrix(void)",
    ),
    Ok(
        "SpmFileHeader::CalculateCurrentMatrix(PrModelObject *, NaMATRIX<float, 4, 4> const &)",
    ),
    Ok(
        "SpmFileHeader::CalculateCurrentMatrixAnimation(PrModelObject *, NaMATRIX<float, 4, 4> const &)",
    ),
    Ok(
        "SpmFileHeader::CalculateClusterMatrix(PrModelObject *, NaMATRIX<float, 4, 4> const &)",
    ),
    Ok(
        "SpmFileHeader::CalculateClusterMatrixAnimation(PrModelObject *, NaMATRIX<float, 4, 4> const &)",
    ),
    Ok(
        "PrModelObject::RenderContext1Model(void)",
    ),
    Ok(
        "SpmFileHeader::RenderContext1Model(PrModelObject *)",
    ),
    Ok(
        "SpmNode::ModifySimpleDmaPacket(PrVuNodeHeaderDmaPacket *)",
    ),
    Ok(
        "SpmNode::RenderContext1Node(PrModelObject *)",
    ),
    Ok(
        "PrModelObject::RenderScreenModelNode(void)",
    ),
    Ok(
        "SpmFileHeader::RenderScreenModelNode(void)",
    ),
    Ok(
        "SpmNode::RenderScreenModelNode(void)",
    ),
    Ok(
        "PrModelObject::RenderBackgroundScreenModel(void)",
    ),
    Ok(
        "SpmFileHeader::RenderBackgroundScreenModel(void)",
    ),
    Ok(
        "SpmNode::RenderBackgroundScreenModel(void)",
    ),
    Ok(
        "PrModelObject::RenderContext2Model(void)",
    ),
    Ok(
        "SpmFileHeader::RenderContext2Model(PrModelObject *)",
    ),
    Ok(
        "SpmNode::RenderContext2Node(PrModelObject *)",
    ),
    Ok(
        "SpmNode::ComposeGlobalMatrix(PrModelObject *, NaMATRIX<float, 4, 4> const &)",
    ),
    Ok(
        "SpmNode::ComposeGlobalMatrixWithoutVisibility(PrModelObject *, NaMATRIX<float, 4, 4> const &)",
    ),
    Ok(
        "PrRenderStuff::InitializeEECore(PrSceneObject *)",
    ),
    Ok(
        "PrRenderStuff::RenderVertexEECoreBothface(void)",
    ),
    Ok(
        "PrRenderStuff::RenderVertexEECoreNormal(void)",
    ),
    Ok(
        "PrRenderStuff::RenderVertexEECoreRefmap(void)",
    ),
    Ok(
        "PrRenderStuff::RenderVertexEECoreContour(void)",
    ),
    Ok(
        "PrRenderStuff::RenderNodeEECore(PrVuNodeHeaderDmaPacket *)",
    ),
    Ok(
        "PrRenderStuff::RenderChunkEECore(PrVuDataChunkPacketHeader *, float)",
    ),
    Ok(
        "PrModelObject::SavePosture(void)",
    ),
    Ok(
        "PrModelObject::ResetPosture(void)",
    ),
    Ok(
        "SpmNode::BlendTransitionMatrix(PrModelObject *, NaMATRIX<float, 4, 4> &)",
    ),
    Ok(
        "SpmShapeNode::BlendTransactionWeight(PrModelObject *, float, unsigned int)",
    ),
    Ok(
        "CalculateEntryPoint(void)",
    ),
    Ok(
        "PrLoadMicroPrograms(void)",
    ),
    Ok(
        "PrGetMicroProgramAddress(PrMICRO_PROGRAM_MODULE)",
    ),
    Ok(
        "PrGetInputVertexParameterNum(PrMICRO_PROGRAM_MODULE)",
    ),
    Ok(
        "PrGetInputVertexParameterSet(PrMICRO_PROGRAM_MODULE)",
    ),
    Ok(
        "PrGetOutputVertexParameterNum(PrMICRO_PROGRAM_MODULE)",
    ),
    Ok(
        "PrGetOutputVertexParameterSet(PrMICRO_PROGRAM_MODULE)",
    ),
    Ok(
        "PrGetMendererCreateTextureAddress(void)",
    ),
    Ok(
        "PrGetMendererDrawMeshAddress(void)",
    ),
    Err(
        NotMangled,
    ),
    Err(
        NotMangled,
    ),
    Err(
        NotMangled,
    ),
    Ok(
        "PrSPRAM_DATA::Initialize(PrSceneObject *)",
    ),
    Ok(
        "PrSPRAM_DATA::InitializeModel(PrModelObject *)",
    ),
    Ok(
        "PrSPRAM_DATA::SendDisplayHeader(void)",
    ),
    Ok(
        "global constructors keyed to PrSPRAM_DATA::Initialize(PrSceneObject *)",
    ),
    Ok(
        "PrInitializeMfifo(void)",
    ),
    Ok(
        "PrCleanupMfifo(void)",
    ),
    Ok(
        "PrStartMfifo(void)",
    ),
    Ok(
        "PrStopMfifo(void)",
    ),
    Ok(
        "PrWaitMfifo(void)",
    ),
    Ok(
        "PrSendMfifo(_sceDmaTag const *)",
    ),
    Ok(
        "PrMfifoUnsentDataSize(void)",
    ),
    Err(
        NotMangled,
    ),
    Err(
        NotMangled,
    ),
    Err(
        NotMangled,
    ),
    Ok(
        "SpaTrackBase::SearchSegment(float) const",
    ),
    Ok(
        "SpaTrack<int>::GetValue(float) const",
    ),
    Ok(
        "SpaTransform::GetMatrix(float) const",
    ),
    Ok(
        "SpaNodeAnimation::GetMatrix(float) const",
    ),
    Ok(
        "SpaNodeAnimation::IsVisible(float) const",
    ),
    Ok(
        "SpaFileHeader::IsNodeVisible(SpmNode *, float) const",
    ),
    Ok(
        "SpaTransform::IsEverIdentical(void)",
    ),
    Ok(
        "SpaNodeAnimation::Optimize(void)",
    ),
    Ok(
        "SpaTrack<NaVECTOR<float, 4> >::GetLinearValue(unsigned int, float) const",
    ),
    Ok(
        "SpaTrack<NaVECTOR<float, 4> >::GetValue(float) const",
    ),
    Ok(
        "SpaTrack<float>::GetSprineValue(unsigned int, float) const",
    ),
    Ok(
        "SpaTrack<float>::GetLinearValue(unsigned int, float) const",
    ),
    Ok(
        "SpaTrack<float>::GetValue(float) const",
    ),
    Ok(
        "SpaTrack<NaMATRIX<float, 4, 4> >::GetSprineValue(unsigned int, float) const",
    ),
    Ok(
        "SpaTrack<NaMATRIX<float, 4, 4> >::GetLinearValue(unsigned int, float) const",
    ),
    Ok(
        "SpaTrack<NaMATRIX<float, 4, 4> >::GetValue(float) const",
    ),
    Ok(
        "SpaTrack<NaVECTOR<float, 4> >::GetSprineValue(unsigned int, float) const",
    ),
    Err(
        NotMangled,
    ),
    Err(
        NotMangled,
    ),
    Ok(
        "PrSceneObject::PrSceneObject(sceGsDrawEnv1 *, char const *, unsigned int)",
    ),
    Ok(
        "PrSceneObject::~PrSceneObject(void)",
    ),
    Ok(
        "PrSceneObject::SelectCamera(SpcFileHeader *)",
    ),
    Ok(
        "PrSceneObject::GetCurrentCamera(void)",
    ),
    Ok(
        "PrSceneObject::SetAppropriateDefaultCamera(void)",
    ),
    Ok(
        "PrSceneObject::GetFocalLength(void) const",
    ),
    Ok(
        "PrSceneObject::GetDefocusLength(void) const",
    ),
    Ok(
        "PrSceneObject::GetDepthLevel(void) const",
    ),
    Ok(
        "PrSceneObject::PreprocessModel(void)",
    ),
    Ok(
        "PrObjectSet<PrModelObject>::~PrObjectSet(void)",
    ),
    Ok(
        "SpmClusterGeometryNode::RenderClusterNode(PrModelObject *)",
    ),
    Ok(
        "SpmShapeNode::AddShapePosition(unsigned int, float)",
    ),
    Ok(
        "SpmShapeNode::RenderShapeNode(PrModelObject *)",
    ),
    Ok(
        "CreateBillboardMatrix(NaMATRIX<float, 4, 4> const &)",
    ),
    Ok(
        "SpmNode::ApplyBillboardMatrix(void)",
    ),
    Ok(
        "PrSceneObject::ApplyDepthOfField(void)",
    ),
    Ok(
        "PrAddDrawAreaDefinition(NaGifPacket *, PrVRAM_RECT const &, bool, bool, unsigned long)",
    ),
    Ok(
        "PrAddTextureAreaDefinition(NaGifPacket *, PrVRAM_RECT const &, bool)",
    ),
    Ok(
        "PrSetSpriteDefinitionZ(unsigned int)",
    ),
    Ok(
        "PrAddSpriteDefinition(NaGifPacket *, PrVRAM_RECT const &, PrVRAM_RECT const &, bool)",
    ),
    Ok(
        "PrAddSpriteDefinitionSuperSampled(NaGifPacket *, PrVRAM_RECT const &, PrVRAM_RECT const &)",
    ),
    Ok(
        "RawRandom(void)",
    ),
    Ok(
        "PrRandom(void)",
    ),
    Ok(
        "PrInitializeRandomPool(void)",
    ),
    Ok(
        "PrFloatRandom(void)",
    ),
    Err(
        NotMangled,
    ),
    Err(
        NotMangled,
    ),
    Err(
        NotMangled,
    ),
    Ok(
        "InitializeNoodleStripRendering(unsigned int, unsigned int, unsigned int, unsigned int)",
    ),
    Ok(
        "GetRandom(void)",
    ),
    Ok(
        "StageIndexForColor(void)",
    ),
    Ok(
        "PushNoodleColor(unsigned long *)",
    ),
    Ok(
        "DrawNoodleStripChunk(NaMATRIX<float, 4, 4> const &)",
    ),
    Ok(
        "SetNoodleRotationMatrix(NaMATRIX<float, 4, 4> &, float)",
    ),
    Ok(
        "PreDrawNoodleStrip(void)",
    ),
    Ok(
        "DrawNoodleStrip(float, float)",
    ),
    Ok(
        "StartNoodleRotation(void)",
    ),
    Ok(
        "UpdateNoodleRotation(void)",
    ),
    Ok(
        "PrUpdateMendererSpeed(void)",
    ),
    Err(
        NotMangled,
    ),
    Err(
        NotMangled,
    ),
    Ok(
        "DrawMenderer(void)",
    ),
    Err(
        NotMangled,
    ),
    Err(
        NotMangled,
    ),
    Err(
        NotMangled,
    ),
    Err(
        NotMangled,
    ),
    Err(
        NotMangled,
    ),
    Err(
        NotMangled,
    ),
    Err(
        NotMangled,
    ),
    Err(
        NotMangled,
    ),
    Ok(
        "global constructors keyed to prMendererRatio",
    ),
    Ok(
        "PrSynchronizeMendererParameter(float)",
    ),
    Ok(
        "PrInitializeTextureCreation(unsigned int, unsigned int, unsigned int, unsigned int)",
    ),
    Ok(
        "CreateMendererTexture(float)",
    ),
    Err(
        NotMangled,
    ),
    Ok(
        "PrWaitMendererTexture(sceGsDrawEnv1 *, sceGsFrame const &, sceGsXyoffset const &)",
    ),
    Ok(
        "SetNextSwitchRotationTimer(void)",
    ),
    Ok(
        "GetAwfulRotation(void)",
    ),
    Ok(
        "PrStartAwfulRotation(void)",
    ),
    Ok(
        "PrFadeFrameImage(float)",
    ),
    Ok(
        "PrInitializeAwfulBackground(void *)",
    ),
    Ok(
        "PrDrawAwfulBackground(sceGsFrame)",
    ),
    Ok(
        "PrUpdateAwfulMenderer(void)",
    ),
    Err(
        NotMangled,
    ),
    Err(
        NotMangled,
    ),
    Err(
        NotMangled,
    ),
    Ok(
        "PrInitializeAlphaModulation(void)",
    ),
    Ok(
        "PrCreateAlphaModulation(float)",
    ),
    Ok(
        "PrBlendNoodleImage(bool)",
    ),
    Ok(
        "SetNextTarget(PrNoodlePositionData *)",
    ),
    Ok(
        "InitializeNoodlePositionData(void)",
    ),
    Ok(
        "UpdateNoodlePositionData(PrNoodlePositionData *)",
    ),
    Ok(
        "GetSynchronizeRatio(PrNoodlePositionData const *)",
    ),
    Ok(
        "PrInitializeNoodlePolygonPosition(void)",
    ),
    Ok(
        "PrGetNoodlePolygonPosition(NaVECTOR<float, 4> *, unsigned int)",
    ),
    Ok(
        "CG_WaveInit(WAVE_STR *)",
    ),
    Ok(
        "CG_WaveInitEasy(WAVE_STR *, short, short, short, short, WMODE_ENUM)",
    ),
    Ok(
        "UG_WaveDisp(WAVE_STR *, sceGsFrame *, sceGifPacket *)",
    ),
    Ok(
        "CG_WaveDisp(WAVE_STR *, sceGsFrame *)",
    ),
    Ok(
        "WaveCtrlInit(WAVE_STR *, short, short, WMODE_ENUM)",
    ),
    Ok(
        "WaveCtrlDisp(WAVE_STR *, sceGsFrame *)",
    ),
    Ok(
        "WaveCtrlUpdate(WAVE_STR *, float)",
    ),
    Ok(
        "PrDmaQueue::PrDmaQueue(unsigned int)",
    ),
    Ok(
        "PrDmaQueue::~PrDmaQueue(void)",
    ),
    Ok(
        "PrDmaQueue::Initialize(void)",
    ),
    Ok(
        "PrDmaQueue::Start(void)",
    ),
    Ok(
        "PrDmaQueue::Append(void *)",
    ),
    Ok(
        "PrDmaQueue::Wait(void)",
    ),
    Err(
        NotMangled,
    ),
    Ok(
        "PrGetBitSize(unsigned int)",
    ),
    Err(
        NotMangled,
    ),
    Err(
        NotMangled,
    ),
    Err(
        NotMangled,
    ),
    Err(
        NotMangled,
    ),
    Err(
        NotMangled,
    ),
    Err(
        NotMangled,
    ),
    Err(
        NotMangled,
    ),
    Err(
        NotMangled,
    ),
    Err(
        NotMangled,
    ),
    Err(
        NotMangled,
    ),
    Err(
        NotMangled,
    ),
    Err(
        NotMangled,
    ),
    Err(
        NotMangled,
    ),
    Err(
        NotMangled,
    ),
    Err(
        UnknownType(
            'I',
            "I80",
        ),
    ),
    Err(
        NotMangled,
    ),
    Ok(
        "SpaFileHeader::Initialize(void)",
    ),
    Ok(
        "SpcFileHeader::Initialize(void)",
    ),
    Ok(
        "SpcFileHeader::GetCamera(float) const",
    ),
    Ok(
        "PrModelObject::SaveContour(void)",
    ),
    Ok(
        "SpmComplexNode::SaveContour(PrModelObject *)",
    ),
    Ok(
        "PrModelObject::ResetContour(void)",
    ),
    Ok(
        "SpmComplexNode::RenderContour(PrModelObject *)",
    ),
    Ok(
        "PrWaitDmaFinish(unsigned int)",
    ),
    Err(
        NotMangled,
    ),
    Ok(
        "NaMATRIX<float, 4, 4>::IDENT",
    ),
    Err(
        NotMangled,
    ),
    Err(
        NotMangled,
    ),
    Err(
        NotMangled,
    ),
    Err(
        NotMangled,
    ),
    Err(
        NotMangled,
    ),
    Err(
        NotMangled,
    ),
    Err(
        NotMangled,
    ),
    Err(
        NotMangled,
    ),
    Err(
        NotMangled,
    ),
    Err(
        NotMangled,
    ),
    Err(
        NotMangled,
    ),
    Err(
        NotMangled,
    ),
    Err(
        NotMangled,
    ),
    Err(
        NotMangled,
    ),
    Err(
        NotMangled,
    ),
    Err(
        NotMangled,
    ),
    Err(
        NotMangled,
    ),
    Err(
        NotMangled,
    ),
    Err(
        NotMangled,
    ),
    Err(
        NotMangled,
    ),
    Err(
        NotMangled,
    ),
    Err(
        NotMangled,
    ),
    Err(
        NotMangled,
    ),
    Err(
        NotMangled,
    ),
    Err(
        NotMangled,
    ),
    Err(
        NotMangled,
    ),
    Err(
        NotMangled,
    ),
    Err(
        NotMangled,
    ),
    Err(
        NotMangled,
    ),
    Err(
        NotMangled,
    ),
    Err(
        NotMangled,
    ),
    Err(
        NotMangled,
    ),
    Err(
        NotMangled,
    ),
    Err(
        NotMangled,
    ),
    Err(
        NotMangled,
    ),
    Err(
        NotMangled,
    ),
    Err(
        NotMangled,
    ),
    Err(
        NotMangled,
    ),
    Err(
        NotMangled,
    ),
    Err(
        NotMangled,
    ),
    Err(
        NotMangled,
    ),
    Err(
        NotMangled,
    ),
    Err(
        NotMangled,
    ),
    Err(
        NotMangled,
    ),
    Err(
        NotMangled,
    ),
    Err(
        NotMangled,
    ),
    Err(
        NotMangled,
    ),
    Err(
        NotMangled,
    ),
    Err(
        NotMangled,
    ),
    Err(
        NotMangled,
    ),
    Err(
        NotMangled,
    ),
    Err(
        NotMangled,
    ),
    Err(
        NotMangled,
    ),
    Err(
        NotMangled,
    ),
    Err(
        NotMangled,
    ),
    Err(
        NotMangled,
    ),
    Err(
        NotMangled,
    ),
    Err(
        NotMangled,
    ),
    Err(
        NotMangled,
    ),
    Err(
        NotMangled,
    ),
    Err(
        NotMangled,
    ),
    Err(
        NotMangled,
    ),
    Err(
        NotMangled,
    ),
    Err(
        NotMangled,
    ),
    Err(
        NotMangled,
    ),
    Err(
        NotMangled,
    ),
    Err(
        NotMangled,
    ),
    Err(
        NotMangled,
    ),
    Err(
        NotMangled,
    ),
    Err(
        NotMangled,
    ),
    Err(
        NotMangled,
    ),
    Err(
        NotMangled,
    ),
    Err(
        NotMangled,
    ),
    Err(
        NotMangled,
    ),
    Err(
        NotMangled,
    ),
    Err(
        NotMangled,
    ),
    Err(
        NotMangled,
    ),
    Err(
        NotMangled,
    ),
    Err(
        NotMangled,
    ),
    Err(
        NotMangled,
    ),
    Err(
        NotMangled,
    ),
    Err(
        NotMangled,
    ),
    Err(
        NotMangled,
    ),
    Err(
        NotMangled,
    ),
    Err(
        NotMangled,
    ),
    Err(
        NotMangled,
    ),
    Err(
        NotMangled,
    ),
    Err(
        NotMangled,
    ),
    Err(
        NotMangled,
    ),
    Err(
        NotMangled,
    ),
    Err(
        NotMangled,
    ),
    Err(
        NotMangled,
    ),
    Err(
        NotMangled,
    ),
    Err(
        NotMangled,
    ),
    Err(
        NotMangled,
    ),
    Err(
        NotMangled,
    ),
    Err(
        NotMangled,
    ),
    Err(
        NotMangled,
    ),
    Err(
        NotMangled,
    ),
    Err(
        NotMangled,
    ),
    Err(
        NotMangled,
    ),
    Err(
        NotMangled,
    ),
    Err(
        NotMangled,
    ),
    Err(
        NotMangled,
    ),
    Err(
        NotMangled,
    ),
    Err(
        NotMangled,
    ),
    Err(
        NotMangled,
    ),
    Err(
        NotMangled,
    ),
    Err(
        NotMangled,
    ),
    Err(
        NotMangled,
    ),
    Err(
        NotMangled,
    ),
    Err(
        NotMangled,
    ),
    Err(
        NotMangled,
    ),
    Err(
        NotMangled,
    ),
    Err(
        NotMangled,
    ),
    Err(
        NotMangled,
    ),
    Err(
        NotMangled,
    ),
    Err(
        NotMangled,
    ),
    Err(
        NotMangled,
    ),
    Err(
        NotMangled,
    ),
    Err(
        InvalidSpecialMethod(
            "main",
        ),
    ),
    Err(
        InvalidSpecialMethod(
            "divdi3",
        ),
    ),
    Err(
        NotMangled,
    ),
    Err(
        InvalidSpecialMethod(
            "fixsfdi",
        ),
    ),
    Err(
        InvalidSpecialMethod(
            "floatdisf",
        ),
    ),
    Err(
        InvalidSpecialMethod(
            "udivdi3",
        ),
    ),
    Err(
        InvalidSpecialMethod(
            "umoddi3",
        ),
    ),
    Err(
        UnrecognizedSpecialMethod(
            "DTOR_LIST",
        ),
    ),
    Err(
        NotMangled,
    ),
    Err(
        NotMangled,
    ),
    Err(
        NotMangled,
    ),
    Err(
        NotMangled,
    ),
    Err(
        NotMangled,
    ),
    Err(
        NotMangled,
    ),
    Err(
        InvalidSpecialMethod(
            "builtin_new",
        ),
    ),
    Err(
        InvalidSpecialMethod(
            "builtin_delete",
        ),
    ),
    Err(
        InvalidSpecialMethod(
            "builtin_vec_new",
        ),
    ),
    Err(
        NotMangled,
    ),
    Err(
        NotMangled,
    ),
    Err(
        NotMangled,
    ),
    Err(
        InvalidSpecialMethod(
            "malloc_av_",
        ),
    ),
    Err(
        NotMangled,
    ),
    Err(
        NotMangled,
    ),
    Err(
        NotMangled,
    ),
    Err(
        NotMangled,
    ),
    Err(
        NotMangled,
    ),
    Err(
        NotMangled,
    ),
    Err(
        NotMangled,
    ),
    Err(
        NotMangled,
    ),
    Err(
        NotMangled,
    ),
    Err(
        NotMangled,
    ),
    Err(
        NotMangled,
    ),
    Err(
        NotMangled,
    ),
    Err(
        NotMangled,
    ),
    Err(
        NotMangled,
    ),
    Err(
        NotMangled,
    ),
    Err(
        NotMangled,
    ),
    Err(
        NotMangled,
    ),
    Err(
        NotMangled,
    ),
    Err(
        NotMangled,
    ),
    Err(
        NotMangled,
    ),
    Err(
        NotMangled,
    ),
    Err(
        NotMangled,
    ),
    Err(
        NotMangled,
    ),
    Err(
        NotMangled,
    ),
    Err(
        NotMangled,
    ),
    Err(
        NotMangled,
    ),
    Err(
        NotMangled,
    ),
    Err(
        NotMangled,
    ),
    Err(
        NotMangled,
    ),
    Err(
        NotMangled,
    ),
    Err(
        NotMangled,
    ),
    Err(
        NotMangled,
    ),
    Err(
        NotMangled,
    ),
    Err(
        NotMangled,
    ),
    Err(
        NotMangled,
    ),
    Err(
        NotMangled,
    ),
    Err(
        NotMangled,
    ),
    Err(
        NotMangled,
    ),
    Err(
        NotMangled,
    ),
]
